00:00 +0: loading /app/test/widget_test.dart                                                                                                                                                           00:01 +0: loading /app/test/widget_test.dart                                                                                                                                                           00:02 +0: loading /app/test/widget_test.dart                                                                                                                                                           00:02 +0: App loads onboarding screen smoke test                                                                                                                                                       00:03 +0: App loads onboarding screen smoke test                                                                                                                                                       00:04 +0: App loads onboarding screen smoke test                                                                                                                                                       00:04 +1: App loads onboarding screen smoke test                                                                                                                                                       00:04 +1: All tests passed!
